// Jest Snapshot v1, https://goo.gl/fbAQLP

exports[`<Main /> should render the reading 1`] = `
<main
  class="sc-braxZu hCvKmL"
>
  <h1>
    Hello, world!
  </h1>
</main>
`;
